[LOG FILE CREATED] Cyber Range Management System audit log.
[12/27/2025, 3:48:03 PM] Server started on port 3000
[12/27/2025, 3:50:02 PM] Booking created: Team CODEZILLA booked Yellow from 2025-12-27T13:00 to 2025-12-27T14:00
[12/27/2025, 3:50:02 PM] Booking expired: Yellow cleaning started.
[12/27/2025, 3:50:07 PM] Lab Yellow cleaned and available.
[12/27/2025, 3:51:38 PM] Booking created: Team CODEZILLA booked Yellow from 2025-12-27T13:00 to 2025-12-27T14:00
[12/27/2025, 3:51:38 PM] Booking expired: Yellow cleaning started.
[12/27/2025, 3:51:43 PM] Lab Yellow cleaned and available.
[12/27/2025, 3:51:44 PM] Booking created: Team CODEZILLA booked Yellow from 2025-12-27T13:00 to 2025-12-27T14:00
[12/27/2025, 3:51:44 PM] Booking expired: Yellow cleaning started.
[12/27/2025, 3:51:45 PM] Booking created: Team CODEZILLA booked Yellow from 2025-12-27T13:00 to 2025-12-27T14:00
[12/27/2025, 3:51:45 PM] Booking expired: Yellow cleaning started.
[12/27/2025, 3:51:46 PM] Booking created: Team CODEZILLA booked Yellow from 2025-12-27T13:00 to 2025-12-27T14:00
[12/27/2025, 3:51:46 PM] Booking expired: Yellow cleaning started.
[12/27/2025, 3:51:49 PM] Lab Yellow cleaned and available.
[12/27/2025, 3:51:50 PM] Lab Yellow cleaned and available.
[12/27/2025, 3:51:51 PM] Lab Yellow cleaned and available.
[12/27/2025, 4:06:51 PM] Server started on port 3000
[12/27/2025, 4:08:34 PM] Booking created: Team CODEZILLA booked Red from 2025-12-27T16:01 to 2025-12-27T17:01
[12/27/2025, 5:52:04 PM] Booking expired: Red cleaning started.
[12/27/2025, 7:53:25 PM] Lab Red cleaned and available.
